
Welcome to Azure Static Web Apps CLI (2.0.10)

***********************************************************************
* WARNING: This emulator may not match the cloud environment exactly. *
* Always deploy and test your app in Azure.                           *
***********************************************************************



Azure Functions Core Tools
Core Tools Version:       4.12.1+7f573ec7a43edc895383eb81b78fe86ead2b707b (64-bit)
Function Runtime Version: 4.1048.200.26180


Found configuration file:
  C:\sistemas vs code\ieadespa\governanca-ieadespa\staticwebapp.config.json

- Waiting for http://localhost:7071 to be ready
[2026-08-31T19:05:10.402Z] Node.js v20 reached EOL on 2026-04. Please upgrade to a supported version: https://aka.ms/functions-nodejs-supported-versions
[2026-08-31T19:05:10.807Z] Worker process started and initialized.

Functions:

	AbrirReuniao: [POST] http://localhost:7071/api/reunioes/abrir

	AtualizarPresencaManual: [POST] http://localhost:7071/api/reunioes/{sessaoId}/presenca-manual

	CriarConsagracao: [POST] http://localhost:7071/api/consagracoes

	EncerrarReuniao: [POST] http://localhost:7071/api/reunioes/{sessaoId}/encerrar

	EvoluirConsagracao: [POST] http://localhost:7071/api/consagracoes/{consagracaoId}/evoluir

	GestaoCongregacoes: [GET,POST,PUT,DELETE] http://localhost:7071/api/congregacoes/{congregacaoId?}

	GestaoElegiveisAssembleia: [GET,POST] http://localhost:7071/api/assembleia/elegiveis/{acao?}

	GestaoFuncoes: [GET,POST,PUT,DELETE] http://localhost:7071/api/funcoes/{funcaoId?}

	GestaoLideranca: [GET,POST,DELETE] http://localhost:7071/api/lideranca/{membroId?}

	GestaoPessoas: [GET,POST,DELETE] http://localhost:7071/api/pessoas/{membroId?}

	GetOrgaos: [GET] http://localhost:7071/api/orgaos

	JustificarFalta: [POST] http://localhost:7071/api/reunioes/{sessaoId}/justificar

	ListarAuditoria: [GET] http://localhost:7071/api/auditoria

	ListarConsagracoes: [GET] http://localhost:7071/api/consagracoes

	ListarFrequencia: [GET] http://localhost:7071/api/reunioes/{sessaoId}/frequencia

	ListarReunioes: [GET] http://localhost:7071/api/reunioes

	LoginSecretaria: [POST] http://localhost:7071/api/auth/login

	LogoutSecretaria: [POST] http://localhost:7071/api/auth/logout

	MinhaFrequencia: [GET] http://localhost:7071/api/membros/{matricula}/frequencia

	RadarDisciplinar: [GET] http://localhost:7071/api/radar-disciplinar

	RegistrarAuditoria: [POST] http://localhost:7071/api/auditoria

	RegistrarPresenca: [POST] http://localhost:7071/api/presenca

	RejeitarJustificativa: [POST] http://localhost:7071/api/reunioes/{sessaoId}/rejeitar-justificativa

	SolicitarJustificativa: [POST] http://localhost:7071/api/membros/{matricula}/reunioes/{sessaoId}/solicitar-justificativa

For detailed output, run func with --verbose flag.
✔ http://localhost:7071 validated successfully

Serving static content:
  C:\sistemas vs code\ieadespa\governanca-ieadespa\app

Serving API:
  C:\sistemas vs code\ieadespa\governanca-ieadespa\api

Azure Static Web Apps emulator started at http://localhost:4280. Press CTRL+C to exit.


[2026-08-31T19:05:15.747Z] Host lock lease acquired by instance ID '00000000000000000000000047CFAF3A'.
[2026-08-31T19:05:15.925Z] [Tag=''] Process reporting unhealthy: Unhealthy. Health check entries are {"azure.functions.web_host.lifecycle":{"status":"Healthy","description":null},"azure.functions.script_host.lifecycle":{"status":"Healthy","description":null},"azure.functions.webjobs.storage":{"status":"Unhealthy","description":"Unable to create client for AzureWebJobsStorage"}}
[2026-08-31T19:05:45.902Z] [Tag=''] Process reporting unhealthy: Unhealthy. Health check entries are {"azure.functions.web_host.lifecycle":{"status":"Healthy","description":null},"azure.functions.script_host.lifecycle":{"status":"Healthy","description":null},"azure.functions.webjobs.storage":{"status":"Unhealthy","description":"Unable to create client for AzureWebJobsStorage"}}
[2026-08-31T19:06:15.904Z] [Tag=''] Process reporting unhealthy: Unhealthy. Health check entries are {"azure.functions.web_host.lifecycle":{"status":"Healthy","description":null},"azure.functions.script_host.lifecycle":{"status":"Healthy","description":null},"azure.functions.webjobs.storage":{"status":"Unhealthy","description":"Unable to create client for AzureWebJobsStorage"}}
[2026-08-31T19:06:45.895Z] [Tag=''] Process reporting unhealthy: Unhealthy. Health check entries are {"azure.functions.web_host.lifecycle":{"status":"Healthy","description":null},"azure.functions.script_host.lifecycle":{"status":"Healthy","description":null},"azure.functions.webjobs.storage":{"status":"Unhealthy","description":"Unable to create client for AzureWebJobsStorage"}}
[2026-08-31T19:07:15.906Z] [Tag=''] Process reporting unhealthy: Unhealthy. Health check entries are {"azure.functions.web_host.lifecycle":{"status":"Healthy","description":null},"azure.functions.script_host.lifecycle":{"status":"Healthy","description":null},"azure.functions.webjobs.storage":{"status":"Unhealthy","description":"Unable to create client for AzureWebJobsStorage"}}
[2026-08-31T19:07:45.900Z] [Tag=''] Process reporting unhealthy: Unhealthy. Health check entries are {"azure.functions.web_host.lifecycle":{"status":"Healthy","description":null},"azure.functions.script_host.lifecycle":{"status":"Healthy","description":null},"azure.functions.webjobs.storage":{"status":"Unhealthy","description":"Unable to create client for AzureWebJobsStorage"}}
[2026-08-31T19:08:15.907Z] [Tag=''] Process reporting unhealthy: Unhealthy. Health check entries are {"azure.functions.web_host.lifecycle":{"status":"Healthy","description":null},"azure.functions.script_host.lifecycle":{"status":"Healthy","description":null},"azure.functions.webjobs.storage":{"status":"Unhealthy","description":"Unable to create client for AzureWebJobsStorage"}}
POST http://127.0.0.1:7071/api/auth/login (proxy)
[2026-08-31T19:08:36.620Z] Executing 'Functions.LoginSecretaria' (Reason='This function was programmatically called via the host APIs.', Id=193e7464-9476-42a9-9d52-575700234a21)
[2026-08-31T19:08:36.727Z] Executed 'Functions.LoginSecretaria' (Succeeded, Id=193e7464-9476-42a9-9d52-575700234a21, Duration=126ms)
POST http://localhost:4280/api/auth/login - 200
GET http://127.0.0.1:7071/api/membros/3/frequencia (proxy)
[2026-08-31T19:08:36.769Z] Executing 'Functions.MinhaFrequencia' (Reason='This function was programmatically called via the host APIs.', Id=09fd27e5-cf5d-4d38-b9bd-be3c84c36676)
[2026-08-31T19:08:36.796Z] Executed 'Functions.MinhaFrequencia' (Succeeded, Id=09fd27e5-cf5d-4d38-b9bd-be3c84c36676, Duration=28ms)
GET http://localhost:4280/api/membros/3/frequencia - 200
[2026-08-31T19:08:45.908Z] [Tag=''] Process reporting unhealthy: Unhealthy. Health check entries are {"azure.functions.web_host.lifecycle":{"status":"Healthy","description":null},"azure.functions.script_host.lifecycle":{"status":"Healthy","description":null},"azure.functions.webjobs.storage":{"status":"Unhealthy","description":"Unable to create client for AzureWebJobsStorage"}}
GET http://127.0.0.1:7071/api/consagracoes (proxy)
[2026-08-31T19:08:47.355Z] Executing 'Functions.ListarConsagracoes' (Reason='This function was programmatically called via the host APIs.', Id=f5889ba0-e30f-43dc-87aa-f4f1a0037bc7)
[2026-08-31T19:08:47.358Z] Executed 'Functions.ListarConsagracoes' (Succeeded, Id=f5889ba0-e30f-43dc-87aa-f4f1a0037bc7, Duration=3ms)
GET http://localhost:4280/api/consagracoes - 200
GET http://127.0.0.1:7071/api/congregacoes (proxy)
[2026-08-31T19:08:48.912Z] Executing 'Functions.GestaoCongregacoes' (Reason='This function was programmatically called via the host APIs.', Id=d565fe2c-22af-4347-ae6c-2e16a3ff52bf)
[2026-08-31T19:08:48.915Z] Executed 'Functions.GestaoCongregacoes' (Succeeded, Id=d565fe2c-22af-4347-ae6c-2e16a3ff52bf, Duration=3ms)
GET http://127.0.0.1:7071/api/lideranca (proxy)
GET http://localhost:4280/api/congregacoes - 200
GET http://localhost:4280/api/lideranca - 200
[2026-08-31T19:08:48.924Z] Executing 'Functions.GestaoLideranca' (Reason='This function was programmatically called via the host APIs.', Id=afd5402e-8397-44ff-a6bb-8a65236825ea)
[2026-08-31T19:08:48.928Z] Executed 'Functions.GestaoLideranca' (Succeeded, Id=afd5402e-8397-44ff-a6bb-8a65236825ea, Duration=3ms)
GET http://127.0.0.1:7071/api/funcoes (proxy)
[2026-08-31T19:08:54.544Z] Executing 'Functions.GestaoFuncoes' (Reason='This function was programmatically called via the host APIs.', Id=8fe956c8-4d57-4799-a209-795008ea9284)
[2026-08-31T19:08:54.547Z] Executed 'Functions.GestaoFuncoes' (Succeeded, Id=8fe956c8-4d57-4799-a209-795008ea9284, Duration=3ms)
GET http://localhost:4280/api/funcoes - 200
GET http://127.0.0.1:7071/api/assembleia/elegiveis (proxy)
[2026-08-31T19:08:56.408Z] Executing 'Functions.GestaoElegiveisAssembleia' (Reason='This function was programmatically called via the host APIs.', Id=43f671f3-2dd9-4794-8d62-29f72abe5757)
[2026-08-31T19:08:56.410Z] Executed 'Functions.GestaoElegiveisAssembleia' (Succeeded, Id=43f671f3-2dd9-4794-8d62-29f72abe5757, Duration=2ms)
GET http://localhost:4280/api/assembleia/elegiveis - 200
GET http://127.0.0.1:7071/api/orgaos (proxy)
[2026-08-31T19:08:56.427Z] Executing 'Functions.GetOrgaos' (Reason='This function was programmatically called via the host APIs.', Id=d1c8d8a9-37ea-4c74-a071-6fc48a9e24cc)
[2026-08-31T19:08:56.430Z] Executed 'Functions.GetOrgaos' (Succeeded, Id=d1c8d8a9-37ea-4c74-a071-6fc48a9e24cc, Duration=3ms)
GET http://localhost:4280/api/orgaos - 200
GET http://127.0.0.1:7071/api/reunioes?orgaoId=2 (proxy)
[2026-08-31T19:08:56.452Z] Executing 'Functions.ListarReunioes' (Reason='This function was programmatically called via the host APIs.', Id=5aab74a8-4bdb-4b42-beda-b263bda28fac)
[2026-08-31T19:08:56.455Z] Executed 'Functions.ListarReunioes' (Succeeded, Id=5aab74a8-4bdb-4b42-beda-b263bda28fac, Duration=3ms)
GET http://localhost:4280/api/reunioes?orgaoId=2 - 200
GET http://127.0.0.1:7071/api/congregacoes (proxy)
[2026-08-31T19:08:56.944Z] Executing 'Functions.GestaoCongregacoes' (Reason='This function was programmatically called via the host APIs.', Id=243fb714-7a76-4cef-ae06-a3f330469049)
[2026-08-31T19:08:56.947Z] Executed 'Functions.GestaoCongregacoes' (Succeeded, Id=243fb714-7a76-4cef-ae06-a3f330469049, Duration=3ms)
GET http://127.0.0.1:7071/api/funcoes (proxy)
GET http://127.0.0.1:7071/api/pessoas (proxy)
GET http://localhost:4280/api/congregacoes - 200
GET http://localhost:4280/api/funcoes - 200
GET http://localhost:4280/api/pessoas - 200
[2026-08-31T19:08:56.963Z] Executing 'Functions.GestaoFuncoes' (Reason='This function was programmatically called via the host APIs.', Id=783fb1e8-0770-4600-96a9-b21ec52a4c0c)
[2026-08-31T19:08:56.963Z] Executing 'Functions.GestaoPessoas' (Reason='This function was programmatically called via the host APIs.', Id=5781d2ee-6196-43f9-b2de-bbbacef764f1)
[2026-08-31T19:08:56.967Z] Executed 'Functions.GestaoFuncoes' (Succeeded, Id=783fb1e8-0770-4600-96a9-b21ec52a4c0c, Duration=3ms)
[2026-08-31T19:08:56.967Z] Executed 'Functions.GestaoPessoas' (Succeeded, Id=5781d2ee-6196-43f9-b2de-bbbacef764f1, Duration=3ms)
GET http://127.0.0.1:7071/api/congregacoes (proxy)
[2026-08-31T19:08:57.403Z] Executing 'Functions.GestaoCongregacoes' (Reason='This function was programmatically called via the host APIs.', Id=40247d13-c158-449b-8118-d298a790dc26)
[2026-08-31T19:08:57.406Z] Executed 'Functions.GestaoCongregacoes' (Succeeded, Id=40247d13-c158-449b-8118-d298a790dc26, Duration=3ms)
GET http://localhost:4280/api/congregacoes - 200
GET http://127.0.0.1:7071/api/assembleia/elegiveis (proxy)
[2026-08-31T19:08:57.999Z] Executing 'Functions.GestaoElegiveisAssembleia' (Reason='This function was programmatically called via the host APIs.', Id=f5621f8b-108b-4c41-9b3a-b97eb42cd3b3)
[2026-08-31T19:08:58.002Z] Executed 'Functions.GestaoElegiveisAssembleia' (Succeeded, Id=f5621f8b-108b-4c41-9b3a-b97eb42cd3b3, Duration=3ms)
GET http://localhost:4280/api/assembleia/elegiveis - 200
GET http://127.0.0.1:7071/api/reunioes?orgaoId=2 (proxy)
[2026-08-31T19:08:58.022Z] Executing 'Functions.ListarReunioes' (Reason='This function was programmatically called via the host APIs.', Id=20a357c7-6cf6-49f1-afee-8bd3a575b4f3)
[2026-08-31T19:08:58.024Z] Executed 'Functions.ListarReunioes' (Succeeded, Id=20a357c7-6cf6-49f1-afee-8bd3a575b4f3, Duration=2ms)
GET http://localhost:4280/api/reunioes?orgaoId=2 - 200
GET http://127.0.0.1:7071/api/reunioes?orgaoId=1 (proxy)
[2026-08-31T19:09:10.206Z] Executing 'Functions.ListarReunioes' (Reason='This function was programmatically called via the host APIs.', Id=4003b71e-66b2-4189-8097-c52878741e3b)
[2026-08-31T19:09:10.209Z] Executed 'Functions.ListarReunioes' (Succeeded, Id=4003b71e-66b2-4189-8097-c52878741e3b, Duration=3ms)
GET http://localhost:4280/api/reunioes?orgaoId=1 - 200
GET http://127.0.0.1:7071/api/congregacoes (proxy)
[2026-08-31T19:09:10.906Z] Executing 'Functions.GestaoCongregacoes' (Reason='This function was programmatically called via the host APIs.', Id=98befef7-e652-4766-bb2b-deca6f9852dd)
[2026-08-31T19:09:10.909Z] Executed 'Functions.GestaoCongregacoes' (Succeeded, Id=98befef7-e652-4766-bb2b-deca6f9852dd, Duration=2ms)
GET http://127.0.0.1:7071/api/funcoes (proxy)
GET http://127.0.0.1:7071/api/pessoas (proxy)
GET http://localhost:4280/api/congregacoes - 200
GET http://localhost:4280/api/funcoes - 200
GET http://localhost:4280/api/pessoas - 200
[2026-08-31T19:09:10.933Z] Executing 'Functions.GestaoFuncoes' (Reason='This function was programmatically called via the host APIs.', Id=88ffbc19-211b-447f-b505-02845ab65ebc)
[2026-08-31T19:09:10.933Z] Executing 'Functions.GestaoPessoas' (Reason='This function was programmatically called via the host APIs.', Id=017bcec9-7bca-4e3e-a6ba-cad0853d64ef)
[2026-08-31T19:09:10.936Z] Executed 'Functions.GestaoPessoas' (Succeeded, Id=017bcec9-7bca-4e3e-a6ba-cad0853d64ef, Duration=3ms)
[2026-08-31T19:09:10.936Z] Executed 'Functions.GestaoFuncoes' (Succeeded, Id=88ffbc19-211b-447f-b505-02845ab65ebc, Duration=3ms)
[2026-08-31T19:09:15.902Z] [Tag=''] Process reporting unhealthy: Unhealthy. Health check entries are {"azure.functions.web_host.lifecycle":{"status":"Healthy","description":null},"azure.functions.script_host.lifecycle":{"status":"Healthy","description":null},"azure.functions.webjobs.storage":{"status":"Unhealthy","description":"Unable to create client for AzureWebJobsStorage"}}
[2026-08-31T19:09:45.914Z] [Tag=''] Process reporting unhealthy: Unhealthy. Health check entries are {"azure.functions.web_host.lifecycle":{"status":"Healthy","description":null},"azure.functions.script_host.lifecycle":{"status":"Healthy","description":null},"azure.functions.webjobs.storage":{"status":"Unhealthy","description":"Unable to create client for AzureWebJobsStorage"}}
GET http://127.0.0.1:7071/api/congregacoes (proxy)
[2026-08-31T19:09:50.589Z] Executing 'Functions.GestaoCongregacoes' (Reason='This function was programmatically called via the host APIs.', Id=7383be32-9cd3-4bc2-9811-f1a6ed7235d4)
[2026-08-31T19:09:50.591Z] Executed 'Functions.GestaoCongregacoes' (Succeeded, Id=7383be32-9cd3-4bc2-9811-f1a6ed7235d4, Duration=2ms)
GET http://127.0.0.1:7071/api/lideranca (proxy)
GET http://localhost:4280/api/congregacoes - 200
GET http://localhost:4280/api/lideranca - 200
[2026-08-31T19:09:50.599Z] Executing 'Functions.GestaoLideranca' (Reason='This function was programmatically called via the host APIs.', Id=e42b3ac0-efe9-4d53-995a-e16d8f1eebb8)
[2026-08-31T19:09:50.603Z] Executed 'Functions.GestaoLideranca' (Succeeded, Id=e42b3ac0-efe9-4d53-995a-e16d8f1eebb8, Duration=3ms)
GET http://127.0.0.1:7071/api/funcoes (proxy)
[2026-08-31T19:09:51.264Z] Executing 'Functions.GestaoFuncoes' (Reason='This function was programmatically called via the host APIs.', Id=b1c32712-1b28-467d-9b41-768e19bfe8aa)
[2026-08-31T19:09:51.266Z] Executed 'Functions.GestaoFuncoes' (Succeeded, Id=b1c32712-1b28-467d-9b41-768e19bfe8aa, Duration=2ms)
GET http://localhost:4280/api/funcoes - 200
GET http://127.0.0.1:7071/api/consagracoes (proxy)
[2026-08-31T19:09:52.028Z] Executing 'Functions.ListarConsagracoes' (Reason='This function was programmatically called via the host APIs.', Id=8f88e052-f877-44ce-8168-98fa06952e29)
[2026-08-31T19:09:52.030Z] Executed 'Functions.ListarConsagracoes' (Succeeded, Id=8f88e052-f877-44ce-8168-98fa06952e29, Duration=2ms)
GET http://localhost:4280/api/consagracoes - 200
GET http://127.0.0.1:7071/api/assembleia/elegiveis (proxy)
[2026-08-31T19:09:52.446Z] Executing 'Functions.GestaoElegiveisAssembleia' (Reason='This function was programmatically called via the host APIs.', Id=e71cd864-c8f5-4f11-98c2-0bda8b9d36a4)
[2026-08-31T19:09:52.448Z] Executed 'Functions.GestaoElegiveisAssembleia' (Succeeded, Id=e71cd864-c8f5-4f11-98c2-0bda8b9d36a4, Duration=2ms)
GET http://localhost:4280/api/assembleia/elegiveis - 200
GET http://127.0.0.1:7071/api/reunioes?orgaoId=2 (proxy)
[2026-08-31T19:09:52.464Z] Executing 'Functions.ListarReunioes' (Reason='This function was programmatically called via the host APIs.', Id=49fe6bbf-ad24-46cf-a70c-d744ce20db44)
[2026-08-31T19:09:52.467Z] Executed 'Functions.ListarReunioes' (Succeeded, Id=49fe6bbf-ad24-46cf-a70c-d744ce20db44, Duration=2ms)
GET http://localhost:4280/api/reunioes?orgaoId=2 - 200
GET http://127.0.0.1:7071/api/reunioes?orgaoId=1 (proxy)
[2026-08-31T19:09:58.269Z] Executing 'Functions.ListarReunioes' (Reason='This function was programmatically called via the host APIs.', Id=090199c4-b59e-4a52-ba68-76ad9b4ac2f8)
[2026-08-31T19:09:58.276Z] Executed 'Functions.ListarReunioes' (Succeeded, Id=090199c4-b59e-4a52-ba68-76ad9b4ac2f8, Duration=7ms)
GET http://localhost:4280/api/reunioes?orgaoId=1 - 200
GET http://127.0.0.1:7071/api/assembleia/elegiveis (proxy)
[2026-08-31T19:09:59.039Z] Executing 'Functions.GestaoElegiveisAssembleia' (Reason='This function was programmatically called via the host APIs.', Id=72ce5bcc-9d66-4cda-922b-a790835bfcd9)
[2026-08-31T19:09:59.041Z] Executed 'Functions.GestaoElegiveisAssembleia' (Succeeded, Id=72ce5bcc-9d66-4cda-922b-a790835bfcd9, Duration=2ms)
GET http://localhost:4280/api/assembleia/elegiveis - 200
GET http://127.0.0.1:7071/api/reunioes?orgaoId=2 (proxy)
[2026-08-31T19:09:59.059Z] Executing 'Functions.ListarReunioes' (Reason='This function was programmatically called via the host APIs.', Id=6cc362e8-2e6b-4149-8f32-a6fc97d16f73)
[2026-08-31T19:09:59.061Z] Executed 'Functions.ListarReunioes' (Succeeded, Id=6cc362e8-2e6b-4149-8f32-a6fc97d16f73, Duration=2ms)
GET http://localhost:4280/api/reunioes?orgaoId=2 - 200
GET http://127.0.0.1:7071/api/congregacoes (proxy)
[2026-08-31T19:09:59.423Z] Executing 'Functions.GestaoCongregacoes' (Reason='This function was programmatically called via the host APIs.', Id=e7b63af7-667e-42a5-bade-68603d501cf4)
[2026-08-31T19:09:59.425Z] Executed 'Functions.GestaoCongregacoes' (Succeeded, Id=e7b63af7-667e-42a5-bade-68603d501cf4, Duration=2ms)
GET http://localhost:4280/api/congregacoes - 200
GET http://127.0.0.1:7071/api/assembleia/elegiveis (proxy)
[2026-08-31T19:10:00.068Z] Executing 'Functions.GestaoElegiveisAssembleia' (Reason='This function was programmatically called via the host APIs.', Id=c3a4f406-28a2-46d1-b08a-917b509dc175)
[2026-08-31T19:10:00.070Z] Executed 'Functions.GestaoElegiveisAssembleia' (Succeeded, Id=c3a4f406-28a2-46d1-b08a-917b509dc175, Duration=2ms)
GET http://localhost:4280/api/assembleia/elegiveis - 200
GET http://127.0.0.1:7071/api/reunioes?orgaoId=2 (proxy)
[2026-08-31T19:10:00.088Z] Executing 'Functions.ListarReunioes' (Reason='This function was programmatically called via the host APIs.', Id=114eb13d-9ad5-4a4f-9b03-744eb0d0d636)
[2026-08-31T19:10:00.090Z] Executed 'Functions.ListarReunioes' (Succeeded, Id=114eb13d-9ad5-4a4f-9b03-744eb0d0d636, Duration=2ms)
GET http://localhost:4280/api/reunioes?orgaoId=2 - 200
[2026-08-31T19:10:15.904Z] [Tag=''] Process reporting unhealthy: Unhealthy. Health check entries are {"azure.functions.web_host.lifecycle":{"status":"Healthy","description":null},"azure.functions.script_host.lifecycle":{"status":"Healthy","description":null},"azure.functions.webjobs.storage":{"status":"Unhealthy","description":"Unable to create client for AzureWebJobsStorage"}}
[2026-08-31T19:10:45.909Z] [Tag=''] Process reporting unhealthy: Unhealthy. Health check entries are {"azure.functions.web_host.lifecycle":{"status":"Healthy","description":null},"azure.functions.script_host.lifecycle":{"status":"Healthy","description":null},"azure.functions.webjobs.storage":{"status":"Unhealthy","description":"Unable to create client for AzureWebJobsStorage"}}
[2026-08-31T19:11:15.912Z] [Tag=''] Process reporting unhealthy: Unhealthy. Health check entries are {"azure.functions.web_host.lifecycle":{"status":"Healthy","description":null},"azure.functions.script_host.lifecycle":{"status":"Healthy","description":null},"azure.functions.webjobs.storage":{"status":"Unhealthy","description":"Unable to create client for AzureWebJobsStorage"}}
[2026-08-31T19:11:45.914Z] [Tag=''] Process reporting unhealthy: Unhealthy. Health check entries are {"azure.functions.web_host.lifecycle":{"status":"Healthy","description":null},"azure.functions.script_host.lifecycle":{"status":"Healthy","description":null},"azure.functions.webjobs.storage":{"status":"Unhealthy","description":"Unable to create client for AzureWebJobsStorage"}}
[2026-08-31T19:12:15.909Z] [Tag=''] Process reporting unhealthy: Unhealthy. Health check entries are {"azure.functions.web_host.lifecycle":{"status":"Healthy","description":null},"azure.functions.script_host.lifecycle":{"status":"Healthy","description":null},"azure.functions.webjobs.storage":{"status":"Unhealthy","description":"Unable to create client for AzureWebJobsStorage"}}
[2026-08-31T19:12:45.910Z] [Tag=''] Process reporting unhealthy: Unhealthy. Health check entries are {"azure.functions.web_host.lifecycle":{"status":"Healthy","description":null},"azure.functions.script_host.lifecycle":{"status":"Healthy","description":null},"azure.functions.webjobs.storage":{"status":"Unhealthy","description":"Unable to create client for AzureWebJobsStorage"}}
GET http://127.0.0.1:7071/api/congregacoes (proxy)
[2026-08-31T19:12:49.083Z] Executing 'Functions.GestaoCongregacoes' (Reason='This function was programmatically called via the host APIs.', Id=c2bc7b95-6783-46bf-8b70-3d35dd763c97)
[2026-08-31T19:12:49.086Z] Executed 'Functions.GestaoCongregacoes' (Succeeded, Id=c2bc7b95-6783-46bf-8b70-3d35dd763c97, Duration=3ms)
GET http://localhost:4280/api/congregacoes - 200
GET http://127.0.0.1:7071/api/consagracoes (proxy)
[2026-08-31T19:12:50.510Z] Executing 'Functions.ListarConsagracoes' (Reason='This function was programmatically called via the host APIs.', Id=9751a217-5327-4921-aed5-a80564288457)
[2026-08-31T19:12:50.514Z] Executed 'Functions.ListarConsagracoes' (Succeeded, Id=9751a217-5327-4921-aed5-a80564288457, Duration=3ms)
GET http://localhost:4280/api/consagracoes - 200
POST http://127.0.0.1:7071/api/consagracoes/b1e10000-0000-0000-0000-000000000001/evoluir (proxy)
[2026-08-31T19:13:00.397Z] Executing 'Functions.EvoluirConsagracao' (Reason='This function was programmatically called via the host APIs.', Id=5b610534-3d18-42a1-8dac-deb5d56a3120)
[2026-08-31T19:13:00.407Z] [AUDITORIA] {
[2026-08-31T19:13:00.407Z] Executed 'Functions.EvoluirConsagracao' (Succeeded, Id=5b610534-3d18-42a1-8dac-deb5d56a3120, Duration=10ms)
[2026-08-31T19:13:00.407Z]   tabela: 'Consagracoes',
[2026-08-31T19:13:00.408Z]   registroId: 'b1e10000-0000-0000-0000-000000000001',
[2026-08-31T19:13:00.408Z]   acao: 'Avançou para AGUARDANDO_PLENARIO',
[2026-08-31T19:13:00.409Z] POST http://localhost:4280/api/consagracoes/b1e10000-0000-0000-0000-000000000001/evoluir - 200
  usuarioId: 3,
[2026-08-31T19:13:00.409Z]   dadosAntes: undefined,
[2026-08-31T19:13:00.409Z]   dadosDepois: undefined,
[2026-08-31T19:13:00.410Z]   quando: '2026-08-31T19:13:00.401Z'
[2026-08-31T19:13:00.410Z] }
GET http://127.0.0.1:7071/api/consagracoes (proxy)
[2026-08-31T19:13:00.431Z] Executing 'Functions.ListarConsagracoes' (Reason='This function was programmatically called via the host APIs.', Id=a00ae3f7-0240-466f-bb00-6165449d9ea3)
[2026-08-31T19:13:00.435Z] Executed 'Functions.ListarConsagracoes' (Succeeded, Id=a00ae3f7-0240-466f-bb00-6165449d9ea3, Duration=3ms)
GET http://localhost:4280/api/consagracoes - 200
POST http://127.0.0.1:7071/api/consagracoes/b1e10000-0000-0000-0000-000000000001/evoluir (proxy)
[2026-08-31T19:13:02.615Z] Executing 'Functions.EvoluirConsagracao' (Reason='This function was programmatically called via the host APIs.', Id=c86e5809-66f7-4c7f-919a-9dc3a528c29a)
[2026-08-31T19:13:02.619Z] [AUDITORIA] {
[2026-08-31T19:13:02.619Z]   tabela: 'Consagracoes',
[2026-08-31T19:13:02.620Z] Executed 'Functions.EvoluirConsagracao' (Succeeded, Id=c86e5809-66f7-4c7f-919a-9dc3a528c29a, Duration=4ms)
[2026-08-31T19:13:02.620Z]   registroId: 'b1e10000-0000-0000-0000-000000000001',
[2026-08-31T19:13:02.621Z]   acao: 'Avançou para CONCLUIDO',
[2026-08-31T19:13:02.621Z]   usuarioId: 3,
[2026-08-31T19:13:02.621Z]   dadosAntes: undefined,POST http://localhost:4280/api/consagracoes/b1e10000-0000-0000-0000-000000000001/evoluir - 200

[2026-08-31T19:13:02.622Z]   dadosDepois: undefined,
[2026-08-31T19:13:02.622Z]   quando: '2026-08-31T19:13:02.617Z'
[2026-08-31T19:13:02.623Z] }
GET http://127.0.0.1:7071/api/consagracoes (proxy)
[2026-08-31T19:13:02.639Z] Executing 'Functions.ListarConsagracoes' (Reason='This function was programmatically called via the host APIs.', Id=dbaf8459-b6db-4743-90ea-c8c361beee43)
[2026-08-31T19:13:02.641Z] Executed 'Functions.ListarConsagracoes' (Succeeded, Id=dbaf8459-b6db-4743-90ea-c8c361beee43, Duration=2ms)
GET http://localhost:4280/api/consagracoes - 200
[2026-08-31T19:13:15.913Z] [Tag=''] Process reporting unhealthy: Unhealthy. Health check entries are {"azure.functions.web_host.lifecycle":{"status":"Healthy","description":null},"azure.functions.script_host.lifecycle":{"status":"Healthy","description":null},"azure.functions.webjobs.storage":{"status":"Unhealthy","description":"Unable to create client for AzureWebJobsStorage"}}
[2026-08-31T19:13:45.920Z] [Tag=''] Process reporting unhealthy: Unhealthy. Health check entries are {"azure.functions.web_host.lifecycle":{"status":"Healthy","description":null},"azure.functions.script_host.lifecycle":{"status":"Healthy","description":null},"azure.functions.webjobs.storage":{"status":"Unhealthy","description":"Unable to create client for AzureWebJobsStorage"}}
[2026-08-31T19:14:15.921Z] [Tag=''] Process reporting unhealthy: Unhealthy. Health check entries are {"azure.functions.web_host.lifecycle":{"status":"Healthy","description":null},"azure.functions.script_host.lifecycle":{"status":"Healthy","description":null},"azure.functions.webjobs.storage":{"status":"Unhealthy","description":"Unable to create client for AzureWebJobsStorage"}}
[2026-08-31T19:14:45.920Z] [Tag=''] Process reporting unhealthy: Unhealthy. Health check entries are {"azure.functions.web_host.lifecycle":{"status":"Healthy","description":null},"azure.functions.script_host.lifecycle":{"status":"Healthy","description":null},"azure.functions.webjobs.storage":{"status":"Unhealthy","description":"Unable to create client for AzureWebJobsStorage"}}
[2026-08-31T19:15:15.926Z] [Tag=''] Process reporting unhealthy: Unhealthy. Health check entries are {"azure.functions.web_host.lifecycle":{"status":"Healthy","description":null},"azure.functions.script_host.lifecycle":{"status":"Healthy","description":null},"azure.functions.webjobs.storage":{"status":"Unhealthy","description":"Unable to create client for AzureWebJobsStorage"}}
[2026-08-31T19:15:45.919Z] [Tag=''] Process reporting unhealthy: Unhealthy. Health check entries are {"azure.functions.web_host.lifecycle":{"status":"Healthy","description":null},"azure.functions.script_host.lifecycle":{"status":"Healthy","description":null},"azure.functions.webjobs.storage":{"status":"Unhealthy","description":"Unable to create client for AzureWebJobsStorage"}}
[2026-08-31T19:16:15.928Z] [Tag=''] Process reporting unhealthy: Unhealthy. Health check entries are {"azure.functions.web_host.lifecycle":{"status":"Healthy","description":null},"azure.functions.script_host.lifecycle":{"status":"Healthy","description":null},"azure.functions.webjobs.storage":{"status":"Unhealthy","description":"Unable to create client for AzureWebJobsStorage"}}
[2026-08-31T19:16:31.799Z] Node.js v20 reached EOL on 2026-04. Please upgrade to a supported version: https://aka.ms/functions-nodejs-supported-versions
[2026-08-31T19:16:31.885Z] Worker process started and initialized.
[2026-08-31T19:16:36.875Z] Host lock lease acquired by instance ID '00000000000000000000000047CFAF3A'.
[2026-08-31T19:16:45.920Z] [Tag=''] Process reporting unhealthy: Unhealthy. Health check entries are {"azure.functions.web_host.lifecycle":{"status":"Healthy","description":null},"azure.functions.script_host.lifecycle":{"status":"Healthy","description":null},"azure.functions.webjobs.storage":{"status":"Unhealthy","description":"Unable to create client for AzureWebJobsStorage"}}
[2026-08-31T19:17:15.927Z] [Tag=''] Process reporting unhealthy: Unhealthy. Health check entries are {"azure.functions.web_host.lifecycle":{"status":"Healthy","description":null},"azure.functions.script_host.lifecycle":{"status":"Healthy","description":null},"azure.functions.webjobs.storage":{"status":"Unhealthy","description":"Unable to create client for AzureWebJobsStorage"}}
[2026-08-31T19:17:45.927Z] [Tag=''] Process reporting unhealthy: Unhealthy. Health check entries are {"azure.functions.web_host.lifecycle":{"status":"Healthy","description":null},"azure.functions.script_host.lifecycle":{"status":"Healthy","description":null},"azure.functions.webjobs.storage":{"status":"Unhealthy","description":"Unable to create client for AzureWebJobsStorage"}}
[2026-08-31T19:18:15.921Z] [Tag=''] Process reporting unhealthy: Unhealthy. Health check entries are {"azure.functions.web_host.lifecycle":{"status":"Healthy","description":null},"azure.functions.script_host.lifecycle":{"status":"Healthy","description":null},"azure.functions.webjobs.storage":{"status":"Unhealthy","description":"Unable to create client for AzureWebJobsStorage"}}
[2026-08-31T19:18:45.934Z] [Tag=''] Process reporting unhealthy: Unhealthy. Health check entries are {"azure.functions.web_host.lifecycle":{"status":"Healthy","description":null},"azure.functions.script_host.lifecycle":{"status":"Healthy","description":null},"azure.functions.webjobs.storage":{"status":"Unhealthy","description":"Unable to create client for AzureWebJobsStorage"}}
[2026-08-31T19:19:15.920Z] [Tag=''] Process reporting unhealthy: Unhealthy. Health check entries are {"azure.functions.web_host.lifecycle":{"status":"Healthy","description":null},"azure.functions.script_host.lifecycle":{"status":"Healthy","description":null},"azure.functions.webjobs.storage":{"status":"Unhealthy","description":"Unable to create client for AzureWebJobsStorage"}}
[2026-08-31T19:19:45.934Z] [Tag=''] Process reporting unhealthy: Unhealthy. Health check entries are {"azure.functions.web_host.lifecycle":{"status":"Healthy","description":null},"azure.functions.script_host.lifecycle":{"status":"Healthy","description":null},"azure.functions.webjobs.storage":{"status":"Unhealthy","description":"Unable to create client for AzureWebJobsStorage"}}
GET http://127.0.0.1:7071/api/orgaos (proxy)
✖  ↳ GET http://127.0.0.1:7071/api/orgaos - 502 (Bad Gateway)
POST http://127.0.0.1:7071/api/auth/login (proxy)
✖  ↳ POST http://127.0.0.1:7071/api/auth/login - 502 (Bad Gateway)
GET http://127.0.0.1:7071/api/pessoas (proxy)
✖  ↳ GET http://127.0.0.1:7071/api/pessoas - 502 (Bad Gateway)
